  C:\Users\Beyioku Daniel\Documents\UOH\Sandy-Snow-Globe---Vulkan\Vulkan(1_3)_Lab_01\SHADERS\shader.vert
  C:\Users\Beyioku Daniel\Documents\UOH\Sandy-Snow-Globe---Vulkan\Vulkan(1_3)_Lab_01\SHADERS\shader.frag
  C:\Users\Beyioku Daniel\Documents\UOH\Sandy-Snow-Globe---Vulkan\Vulkan(1_3)_Lab_01\SHADERS\gouraud.vert
  C:\Users\Beyioku Daniel\Documents\UOH\Sandy-Snow-Globe---Vulkan\Vulkan(1_3)_Lab_01\SHADERS\gouraud.frag
  C:\Users\Beyioku Daniel\Documents\UOH\Sandy-Snow-Globe---Vulkan\Vulkan(1_3)_Lab_01\SHADERS\particle.vert
  C:\Users\Beyioku Daniel\Documents\UOH\Sandy-Snow-Globe---Vulkan\Vulkan(1_3)_Lab_01\SHADERS\particle.frag
  C:\Users\Beyioku Daniel\Documents\UOH\Sandy-Snow-Globe---Vulkan\Vulkan(1_3)_Lab_01\SHADERS\shadow.vert
  C:\Users\Beyioku Daniel\Documents\UOH\Sandy-Snow-Globe---Vulkan\Vulkan(1_3)_Lab_01\SHADERS\shadow.frag
  Performing Custom Build Tools
  Performing Custom Build Tools
  Cactus.cpp
  Camera.cpp
  ConfigLoader.cpp
  InputHandler.cpp
  Lab_Tutorial_Template.cpp
  Mesh.cpp
  MeshGenerator.cpp
  OBJLoader.cpp
  TextureManager.cpp
  Generating Code...
  Lab_Tutorial_Template.vcxproj -> C:\Users\Beyioku Daniel\Documents\UOH\Sandy-Snow-Globe---Vulkan\Vulkan(1_3)_Lab_01\x64\Debug\Lab_Tutorial_Template(Vulkan1_3).exe
